Rendering Data:
Id                   Name                 Description          
1                    A Pattern            Test object for testing. 
2                    Another Pattern      A friend to pattern one.