Rendering Data:
Id                   Name                 Description          
1                    A Pattern            Test object for testing.